[  893630ms] [WARNING] Please ensure that the container has a non-static position, like 'relative', 'fixed', or 'absolute' to ensure scroll offset is calculated correctly. @ http://localhost:5173/node_modules/.vite/deps/framer-motion.js?v=6a9b471b:195
[  893653ms] [WARNING] You're attempting to animate multiple children within AnimatePresence, but its mode is set to "wait". This will lead to odd visual behaviour. @ http://localhost:5173/node_modules/.vite/deps/framer-motion.js?v=6a9b471b:8015
[  893653ms] [WARNING] You're attempting to animate multiple children within AnimatePresence, but its mode is set to "wait". This will lead to odd visual behaviour. @ http://localhost:5173/node_modules/.vite/deps/framer-motion.js?v=6a9b471b:8015
[  893684ms] [WARNING] You're attempting to animate multiple children within AnimatePresence, but its mode is set to "wait". This will lead to odd visual behaviour. @ http://localhost:5173/node_modules/.vite/deps/framer-motion.js?v=6a9b471b:8015
[  893684ms] [WARNING] You're attempting to animate multiple children within AnimatePresence, but its mode is set to "wait". This will lead to odd visual behaviour. @ http://localhost:5173/node_modules/.vite/deps/framer-motion.js?v=6a9b471b:8015
[  927199ms] [WARNING] You're attempting to animate multiple children within AnimatePresence, but its mode is set to "wait". This will lead to odd visual behaviour. @ http://localhost:5173/node_modules/.vite/deps/framer-motion.js?v=6a9b471b:8015
[  927199ms] [WARNING] You're attempting to animate multiple children within AnimatePresence, but its mode is set to "wait". This will lead to odd visual behaviour. @ http://localhost:5173/node_modules/.vite/deps/framer-motion.js?v=6a9b471b:8015
[  928289ms] [WARNING] You're attempting to animate multiple children within AnimatePresence, but its mode is set to "wait". This will lead to odd visual behaviour. @ http://localhost:5173/node_modules/.vite/deps/framer-motion.js?v=6a9b471b:8015
[  928290ms] [WARNING] You're attempting to animate multiple children within AnimatePresence, but its mode is set to "wait". This will lead to odd visual behaviour. @ http://localhost:5173/node_modules/.vite/deps/framer-motion.js?v=6a9b471b:8015
[ 1298312ms] [WARNING] You're attempting to animate multiple children within AnimatePresence, but its mode is set to "wait". This will lead to odd visual behaviour. @ http://localhost:5173/node_modules/.vite/deps/framer-motion.js?v=6a9b471b:8015
[ 1298312ms] [WARNING] You're attempting to animate multiple children within AnimatePresence, but its mode is set to "wait". This will lead to odd visual behaviour. @ http://localhost:5173/node_modules/.vite/deps/framer-motion.js?v=6a9b471b:8015
[ 1298344ms] [WARNING] You're attempting to animate multiple children within AnimatePresence, but its mode is set to "wait". This will lead to odd visual behaviour. @ http://localhost:5173/node_modules/.vite/deps/framer-motion.js?v=6a9b471b:8015
[ 1298344ms] [WARNING] You're attempting to animate multiple children within AnimatePresence, but its mode is set to "wait". This will lead to odd visual behaviour. @ http://localhost:5173/node_modules/.vite/deps/framer-motion.js?v=6a9b471b:8015
[ 1298560ms] [WARNING] You're attempting to animate multiple children within AnimatePresence, but its mode is set to "wait". This will lead to odd visual behaviour. @ http://localhost:5173/node_modules/.vite/deps/framer-motion.js?v=6a9b471b:8015
[ 1298560ms] [WARNING] You're attempting to animate multiple children within AnimatePresence, but its mode is set to "wait". This will lead to odd visual behaviour. @ http://localhost:5173/node_modules/.vite/deps/framer-motion.js?v=6a9b471b:8015
[ 1298643ms] [WARNING] You're attempting to animate multiple children within AnimatePresence, but its mode is set to "wait". This will lead to odd visual behaviour. @ http://localhost:5173/node_modules/.vite/deps/framer-motion.js?v=6a9b471b:8015
[ 1298643ms] [WARNING] You're attempting to animate multiple children within AnimatePresence, but its mode is set to "wait". This will lead to odd visual behaviour. @ http://localhost:5173/node_modules/.vite/deps/framer-motion.js?v=6a9b471b:8015
[ 1298701ms] [WARNING] You're attempting to animate multiple children within AnimatePresence, but its mode is set to "wait". This will lead to odd visual behaviour. @ http://localhost:5173/node_modules/.vite/deps/framer-motion.js?v=6a9b471b:8015
[ 1298702ms] [WARNING] You're attempting to animate multiple children within AnimatePresence, but its mode is set to "wait". This will lead to odd visual behaviour. @ http://localhost:5173/node_modules/.vite/deps/framer-motion.js?v=6a9b471b:8015
[ 1298767ms] [WARNING] You're attempting to animate multiple children within AnimatePresence, but its mode is set to "wait". This will lead to odd visual behaviour. @ http://localhost:5173/node_modules/.vite/deps/framer-motion.js?v=6a9b471b:8015
[ 1298767ms] [WARNING] You're attempting to animate multiple children within AnimatePresence, but its mode is set to "wait". This will lead to odd visual behaviour. @ http://localhost:5173/node_modules/.vite/deps/framer-motion.js?v=6a9b471b:8015
[ 1298778ms] [WARNING] You're attempting to animate multiple children within AnimatePresence, but its mode is set to "wait". This will lead to odd visual behaviour. @ http://localhost:5173/node_modules/.vite/deps/framer-motion.js?v=6a9b471b:8015
[ 1298778ms] [WARNING] You're attempting to animate multiple children within AnimatePresence, but its mode is set to "wait". This will lead to odd visual behaviour. @ http://localhost:5173/node_modules/.vite/deps/framer-motion.js?v=6a9b471b:8015
[ 1298971ms] [WARNING] You're attempting to animate multiple children within AnimatePresence, but its mode is set to "wait". This will lead to odd visual behaviour. @ http://localhost:5173/node_modules/.vite/deps/framer-motion.js?v=6a9b471b:8015
[ 1298971ms] [WARNING] You're attempting to animate multiple children within AnimatePresence, but its mode is set to "wait". This will lead to odd visual behaviour. @ http://localhost:5173/node_modules/.vite/deps/framer-motion.js?v=6a9b471b:8015
[ 1298987ms] [WARNING] You're attempting to animate multiple children within AnimatePresence, but its mode is set to "wait". This will lead to odd visual behaviour. @ http://localhost:5173/node_modules/.vite/deps/framer-motion.js?v=6a9b471b:8015
[ 1298987ms] [WARNING] You're attempting to animate multiple children within AnimatePresence, but its mode is set to "wait". This will lead to odd visual behaviour. @ http://localhost:5173/node_modules/.vite/deps/framer-motion.js?v=6a9b471b:8015
[ 1299076ms] [WARNING] You're attempting to animate multiple children within AnimatePresence, but its mode is set to "wait". This will lead to odd visual behaviour. @ http://localhost:5173/node_modules/.vite/deps/framer-motion.js?v=6a9b471b:8015
[ 1299076ms] [WARNING] You're attempting to animate multiple children within AnimatePresence, but its mode is set to "wait". This will lead to odd visual behaviour. @ http://localhost:5173/node_modules/.vite/deps/framer-motion.js?v=6a9b471b:8015
[ 1299118ms] [WARNING] You're attempting to animate multiple children within AnimatePresence, but its mode is set to "wait". This will lead to odd visual behaviour. @ http://localhost:5173/node_modules/.vite/deps/framer-motion.js?v=6a9b471b:8015
[ 1299118ms] [WARNING] You're attempting to animate multiple children within AnimatePresence, but its mode is set to "wait". This will lead to odd visual behaviour. @ http://localhost:5173/node_modules/.vite/deps/framer-motion.js?v=6a9b471b:8015
[ 1299151ms] [WARNING] You're attempting to animate multiple children within AnimatePresence, but its mode is set to "wait". This will lead to odd visual behaviour. @ http://localhost:5173/node_modules/.vite/deps/framer-motion.js?v=6a9b471b:8015
[ 1299152ms] [WARNING] You're attempting to animate multiple children within AnimatePresence, but its mode is set to "wait". This will lead to odd visual behaviour. @ http://localhost:5173/node_modules/.vite/deps/framer-motion.js?v=6a9b471b:8015
[ 1299200ms] [WARNING] You're attempting to animate multiple children within AnimatePresence, but its mode is set to "wait". This will lead to odd visual behaviour. @ http://localhost:5173/node_modules/.vite/deps/framer-motion.js?v=6a9b471b:8015
[ 1299200ms] [WARNING] You're attempting to animate multiple children within AnimatePresence, but its mode is set to "wait". This will lead to odd visual behaviour. @ http://localhost:5173/node_modules/.vite/deps/framer-motion.js?v=6a9b471b:8015
[ 1299259ms] [WARNING] You're attempting to animate multiple children within AnimatePresence, but its mode is set to "wait". This will lead to odd visual behaviour. @ http://localhost:5173/node_modules/.vite/deps/framer-motion.js?v=6a9b471b:8015
[ 1299260ms] [WARNING] You're attempting to animate multiple children within AnimatePresence, but its mode is set to "wait". This will lead to odd visual behaviour. @ http://localhost:5173/node_modules/.vite/deps/framer-motion.js?v=6a9b471b:8015
[ 1299394ms] [WARNING] You're attempting to animate multiple children within AnimatePresence, but its mode is set to "wait". This will lead to odd visual behaviour. @ http://localhost:5173/node_modules/.vite/deps/framer-motion.js?v=6a9b471b:8015
[ 1299394ms] [WARNING] You're attempting to animate multiple children within AnimatePresence, but its mode is set to "wait". This will lead to odd visual behaviour. @ http://localhost:5173/node_modules/.vite/deps/framer-motion.js?v=6a9b471b:8015
[ 1299594ms] [WARNING] You're attempting to animate multiple children within AnimatePresence, but its mode is set to "wait". This will lead to odd visual behaviour. @ http://localhost:5173/node_modules/.vite/deps/framer-motion.js?v=6a9b471b:8015
[ 1299595ms] [WARNING] You're attempting to animate multiple children within AnimatePresence, but its mode is set to "wait". This will lead to odd visual behaviour. @ http://localhost:5173/node_modules/.vite/deps/framer-motion.js?v=6a9b471b:8015
[ 1299635ms] [WARNING] You're attempting to animate multiple children within AnimatePresence, but its mode is set to "wait". This will lead to odd visual behaviour. @ http://localhost:5173/node_modules/.vite/deps/framer-motion.js?v=6a9b471b:8015
[ 1299635ms] [WARNING] You're attempting to animate multiple children within AnimatePresence, but its mode is set to "wait". This will lead to odd visual behaviour. @ http://localhost:5173/node_modules/.vite/deps/framer-motion.js?v=6a9b471b:8015
[ 1300060ms] [WARNING] You're attempting to animate multiple children within AnimatePresence, but its mode is set to "wait". This will lead to odd visual behaviour. @ http://localhost:5173/node_modules/.vite/deps/framer-motion.js?v=6a9b471b:8015
[ 1300060ms] [WARNING] You're attempting to animate multiple children within AnimatePresence, but its mode is set to "wait". This will lead to odd visual behaviour. @ http://localhost:5173/node_modules/.vite/deps/framer-motion.js?v=6a9b471b:8015
[ 1300109ms] [WARNING] You're attempting to animate multiple children within AnimatePresence, but its mode is set to "wait". This will lead to odd visual behaviour. @ http://localhost:5173/node_modules/.vite/deps/framer-motion.js?v=6a9b471b:8015
[ 1300109ms] [WARNING] You're attempting to animate multiple children within AnimatePresence, but its mode is set to "wait". This will lead to odd visual behaviour. @ http://localhost:5173/node_modules/.vite/deps/framer-motion.js?v=6a9b471b:8015
[ 1300444ms] [WARNING] You're attempting to animate multiple children within AnimatePresence, but its mode is set to "wait". This will lead to odd visual behaviour. @ http://localhost:5173/node_modules/.vite/deps/framer-motion.js?v=6a9b471b:8015
[ 1300444ms] [WARNING] You're attempting to animate multiple children within AnimatePresence, but its mode is set to "wait". This will lead to odd visual behaviour. @ http://localhost:5173/node_modules/.vite/deps/framer-motion.js?v=6a9b471b:8015
[ 1321394ms] [WARNING] You're attempting to animate multiple children within AnimatePresence, but its mode is set to "wait". This will lead to odd visual behaviour. @ http://localhost:5173/node_modules/.vite/deps/framer-motion.js?v=6a9b471b:8015
[ 1321394ms] [WARNING] You're attempting to animate multiple children within AnimatePresence, but its mode is set to "wait". This will lead to odd visual behaviour. @ http://localhost:5173/node_modules/.vite/deps/framer-motion.js?v=6a9b471b:8015
[ 1322329ms] [WARNING] You're attempting to animate multiple children within AnimatePresence, but its mode is set to "wait". This will lead to odd visual behaviour. @ http://localhost:5173/node_modules/.vite/deps/framer-motion.js?v=6a9b471b:8015
[ 1322329ms] [WARNING] You're attempting to animate multiple children within AnimatePresence, but its mode is set to "wait". This will lead to odd visual behaviour. @ http://localhost:5173/node_modules/.vite/deps/framer-motion.js?v=6a9b471b:8015
[ 1323003ms] [WARNING] You're attempting to animate multiple children within AnimatePresence, but its mode is set to "wait". This will lead to odd visual behaviour. @ http://localhost:5173/node_modules/.vite/deps/framer-motion.js?v=6a9b471b:8015
[ 1323004ms] [WARNING] You're attempting to animate multiple children within AnimatePresence, but its mode is set to "wait". This will lead to odd visual behaviour. @ http://localhost:5173/node_modules/.vite/deps/framer-motion.js?v=6a9b471b:8015
[ 2087590ms] [WARNING] Please ensure that the container has a non-static position, like 'relative', 'fixed', or 'absolute' to ensure scroll offset is calculated correctly. @ http://localhost:5173/node_modules/.vite/deps/framer-motion.js?v=6a9b471b:195
[ 2087618ms] [WARNING] You're attempting to animate multiple children within AnimatePresence, but its mode is set to "wait". This will lead to odd visual behaviour. @ http://localhost:5173/node_modules/.vite/deps/framer-motion.js?v=6a9b471b:8015
[ 2087618ms] [WARNING] You're attempting to animate multiple children within AnimatePresence, but its mode is set to "wait". This will lead to odd visual behaviour. @ http://localhost:5173/node_modules/.vite/deps/framer-motion.js?v=6a9b471b:8015
[ 2087646ms] [WARNING] You're attempting to animate multiple children within AnimatePresence, but its mode is set to "wait". This will lead to odd visual behaviour. @ http://localhost:5173/node_modules/.vite/deps/framer-motion.js?v=6a9b471b:8015
[ 2087646ms] [WARNING] You're attempting to animate multiple children within AnimatePresence, but its mode is set to "wait". This will lead to odd visual behaviour. @ http://localhost:5173/node_modules/.vite/deps/framer-motion.js?v=6a9b471b:8015
[ 2142728ms] [WARNING] You're attempting to animate multiple children within AnimatePresence, but its mode is set to "wait". This will lead to odd visual behaviour. @ http://localhost:5173/node_modules/.vite/deps/framer-motion.js?v=6a9b471b:8015
[ 2142729ms] [WARNING] You're attempting to animate multiple children within AnimatePresence, but its mode is set to "wait". This will lead to odd visual behaviour. @ http://localhost:5173/node_modules/.vite/deps/framer-motion.js?v=6a9b471b:8015
[ 2831294ms] [WARNING] Please ensure that the container has a non-static position, like 'relative', 'fixed', or 'absolute' to ensure scroll offset is calculated correctly. @ http://localhost:5173/node_modules/.vite/deps/framer-motion.js?v=6a9b471b:195
[ 2831321ms] [WARNING] You're attempting to animate multiple children within AnimatePresence, but its mode is set to "wait". This will lead to odd visual behaviour. @ http://localhost:5173/node_modules/.vite/deps/framer-motion.js?v=6a9b471b:8015
[ 2831322ms] [WARNING] You're attempting to animate multiple children within AnimatePresence, but its mode is set to "wait". This will lead to odd visual behaviour. @ http://localhost:5173/node_modules/.vite/deps/framer-motion.js?v=6a9b471b:8015
[ 2831347ms] [WARNING] You're attempting to animate multiple children within AnimatePresence, but its mode is set to "wait". This will lead to odd visual behaviour. @ http://localhost:5173/node_modules/.vite/deps/framer-motion.js?v=6a9b471b:8015
[ 2831347ms] [WARNING] You're attempting to animate multiple children within AnimatePresence, but its mode is set to "wait". This will lead to odd visual behaviour. @ http://localhost:5173/node_modules/.vite/deps/framer-motion.js?v=6a9b471b:8015
[ 2933789ms] [WARNING] Please ensure that the container has a non-static position, like 'relative', 'fixed', or 'absolute' to ensure scroll offset is calculated correctly. @ http://localhost:5173/node_modules/.vite/deps/framer-motion.js?v=6a9b471b:195
[ 2933814ms] [WARNING] You're attempting to animate multiple children within AnimatePresence, but its mode is set to "wait". This will lead to odd visual behaviour. @ http://localhost:5173/node_modules/.vite/deps/framer-motion.js?v=6a9b471b:8015
[ 2933814ms] [WARNING] You're attempting to animate multiple children within AnimatePresence, but its mode is set to "wait". This will lead to odd visual behaviour. @ http://localhost:5173/node_modules/.vite/deps/framer-motion.js?v=6a9b471b:8015
[ 2933840ms] [WARNING] You're attempting to animate multiple children within AnimatePresence, but its mode is set to "wait". This will lead to odd visual behaviour. @ http://localhost:5173/node_modules/.vite/deps/framer-motion.js?v=6a9b471b:8015
[ 2933840ms] [WARNING] You're attempting to animate multiple children within AnimatePresence, but its mode is set to "wait". This will lead to odd visual behaviour. @ http://localhost:5173/node_modules/.vite/deps/framer-motion.js?v=6a9b471b:8015
[ 3041182ms] [WARNING] Please ensure that the container has a non-static position, like 'relative', 'fixed', or 'absolute' to ensure scroll offset is calculated correctly. @ http://localhost:5173/node_modules/.vite/deps/framer-motion.js?v=6a9b471b:195
[ 3041207ms] [WARNING] You're attempting to animate multiple children within AnimatePresence, but its mode is set to "wait". This will lead to odd visual behaviour. @ http://localhost:5173/node_modules/.vite/deps/framer-motion.js?v=6a9b471b:8015
[ 3041207ms] [WARNING] You're attempting to animate multiple children within AnimatePresence, but its mode is set to "wait". This will lead to odd visual behaviour. @ http://localhost:5173/node_modules/.vite/deps/framer-motion.js?v=6a9b471b:8015
[ 3041215ms] [WARNING] You're attempting to animate multiple children within AnimatePresence, but its mode is set to "wait". This will lead to odd visual behaviour. @ http://localhost:5173/node_modules/.vite/deps/framer-motion.js?v=6a9b471b:8015
[ 3041215ms] [WARNING] You're attempting to animate multiple children within AnimatePresence, but its mode is set to "wait". This will lead to odd visual behaviour. @ http://localhost:5173/node_modules/.vite/deps/framer-motion.js?v=6a9b471b:8015
[ 3126151ms] [WARNING] Please ensure that the container has a non-static position, like 'relative', 'fixed', or 'absolute' to ensure scroll offset is calculated correctly. @ http://localhost:5173/node_modules/.vite/deps/framer-motion.js?v=47eb1cfe:195
[ 3126185ms] [WARNING] You're attempting to animate multiple children within AnimatePresence, but its mode is set to "wait". This will lead to odd visual behaviour. @ http://localhost:5173/node_modules/.vite/deps/framer-motion.js?v=47eb1cfe:8015
[ 3126186ms] [WARNING] You're attempting to animate multiple children within AnimatePresence, but its mode is set to "wait". This will lead to odd visual behaviour. @ http://localhost:5173/node_modules/.vite/deps/framer-motion.js?v=47eb1cfe:8015
[ 3126193ms] [WARNING] You're attempting to animate multiple children within AnimatePresence, but its mode is set to "wait". This will lead to odd visual behaviour. @ http://localhost:5173/node_modules/.vite/deps/framer-motion.js?v=47eb1cfe:8015
[ 3126194ms] [WARNING] You're attempting to animate multiple children within AnimatePresence, but its mode is set to "wait". This will lead to odd visual behaviour. @ http://localhost:5173/node_modules/.vite/deps/framer-motion.js?v=47eb1cfe:8015
[ 3126201ms] [WARNING] You're attempting to animate multiple children within AnimatePresence, but its mode is set to "wait". This will lead to odd visual behaviour. @ http://localhost:5173/node_modules/.vite/deps/framer-motion.js?v=47eb1cfe:8015
[ 3126201ms] [WARNING] You're attempting to animate multiple children within AnimatePresence, but its mode is set to "wait". This will lead to odd visual behaviour. @ http://localhost:5173/node_modules/.vite/deps/framer-motion.js?v=47eb1cfe:8015
[ 3128741ms] [WARNING] Please ensure that the container has a non-static position, like 'relative', 'fixed', or 'absolute' to ensure scroll offset is calculated correctly. @ http://localhost:5173/node_modules/.vite/deps/framer-motion.js?v=47eb1cfe:195
[ 3128762ms] [WARNING] You're attempting to animate multiple children within AnimatePresence, but its mode is set to "wait". This will lead to odd visual behaviour. @ http://localhost:5173/node_modules/.vite/deps/framer-motion.js?v=47eb1cfe:8015
[ 3128762ms] [WARNING] You're attempting to animate multiple children within AnimatePresence, but its mode is set to "wait". This will lead to odd visual behaviour. @ http://localhost:5173/node_modules/.vite/deps/framer-motion.js?v=47eb1cfe:8015
[ 3128788ms] [WARNING] You're attempting to animate multiple children within AnimatePresence, but its mode is set to "wait". This will lead to odd visual behaviour. @ http://localhost:5173/node_modules/.vite/deps/framer-motion.js?v=47eb1cfe:8015
[ 3128788ms] [WARNING] You're attempting to animate multiple children within AnimatePresence, but its mode is set to "wait". This will lead to odd visual behaviour. @ http://localhost:5173/node_modules/.vite/deps/framer-motion.js?v=47eb1cfe:8015
[ 3723753ms] [WARNING] You're attempting to animate multiple children within AnimatePresence, but its mode is set to "wait". This will lead to odd visual behaviour. @ http://localhost:5173/node_modules/.vite/deps/framer-motion.js?v=47eb1cfe:8015
[ 3723754ms] [WARNING] You're attempting to animate multiple children within AnimatePresence, but its mode is set to "wait". This will lead to odd visual behaviour. @ http://localhost:5173/node_modules/.vite/deps/framer-motion.js?v=47eb1cfe:8015
[ 3741376ms] [WARNING] Please ensure that the container has a non-static position, like 'relative', 'fixed', or 'absolute' to ensure scroll offset is calculated correctly. @ http://localhost:5173/node_modules/.vite/deps/framer-motion.js?v=47eb1cfe:195
[ 3741401ms] [WARNING] You're attempting to animate multiple children within AnimatePresence, but its mode is set to "wait". This will lead to odd visual behaviour. @ http://localhost:5173/node_modules/.vite/deps/framer-motion.js?v=47eb1cfe:8015
[ 3741402ms] [WARNING] You're attempting to animate multiple children within AnimatePresence, but its mode is set to "wait". This will lead to odd visual behaviour. @ http://localhost:5173/node_modules/.vite/deps/framer-motion.js?v=47eb1cfe:8015
[ 3741428ms] [WARNING] You're attempting to animate multiple children within AnimatePresence, but its mode is set to "wait". This will lead to odd visual behaviour. @ http://localhost:5173/node_modules/.vite/deps/framer-motion.js?v=47eb1cfe:8015
[ 3741428ms] [WARNING] You're attempting to animate multiple children within AnimatePresence, but its mode is set to "wait". This will lead to odd visual behaviour. @ http://localhost:5173/node_modules/.vite/deps/framer-motion.js?v=47eb1cfe:8015
[ 3825031ms] [WARNING] Please ensure that the container has a non-static position, like 'relative', 'fixed', or 'absolute' to ensure scroll offset is calculated correctly. @ http://localhost:5173/node_modules/.vite/deps/framer-motion.js?v=47eb1cfe:195
[ 3825056ms] [WARNING] You're attempting to animate multiple children within AnimatePresence, but its mode is set to "wait". This will lead to odd visual behaviour. @ http://localhost:5173/node_modules/.vite/deps/framer-motion.js?v=47eb1cfe:8015
[ 3825056ms] [WARNING] You're attempting to animate multiple children within AnimatePresence, but its mode is set to "wait". This will lead to odd visual behaviour. @ http://localhost:5173/node_modules/.vite/deps/framer-motion.js?v=47eb1cfe:8015
[ 3825082ms] [WARNING] You're attempting to animate multiple children within AnimatePresence, but its mode is set to "wait". This will lead to odd visual behaviour. @ http://localhost:5173/node_modules/.vite/deps/framer-motion.js?v=47eb1cfe:8015
[ 3825082ms] [WARNING] You're attempting to animate multiple children within AnimatePresence, but its mode is set to "wait". This will lead to odd visual behaviour. @ http://localhost:5173/node_modules/.vite/deps/framer-motion.js?v=47eb1cfe:8015
[ 3989245ms] [WARNING] You're attempting to animate multiple children within AnimatePresence, but its mode is set to "wait". This will lead to odd visual behaviour. @ http://localhost:5173/node_modules/.vite/deps/framer-motion.js?v=47eb1cfe:8015
[ 3989246ms] [WARNING] You're attempting to animate multiple children within AnimatePresence, but its mode is set to "wait". This will lead to odd visual behaviour. @ http://localhost:5173/node_modules/.vite/deps/framer-motion.js?v=47eb1cfe:8015
[ 3990711ms] [WARNING] Please ensure that the container has a non-static position, like 'relative', 'fixed', or 'absolute' to ensure scroll offset is calculated correctly. @ http://localhost:5173/node_modules/.vite/deps/framer-motion.js?v=47eb1cfe:195
[ 3990729ms] [WARNING] You're attempting to animate multiple children within AnimatePresence, but its mode is set to "wait". This will lead to odd visual behaviour. @ http://localhost:5173/node_modules/.vite/deps/framer-motion.js?v=47eb1cfe:8015
[ 3990729ms] [WARNING] You're attempting to animate multiple children within AnimatePresence, but its mode is set to "wait". This will lead to odd visual behaviour. @ http://localhost:5173/node_modules/.vite/deps/framer-motion.js?v=47eb1cfe:8015
[ 3990738ms] [WARNING] You're attempting to animate multiple children within AnimatePresence, but its mode is set to "wait". This will lead to odd visual behaviour. @ http://localhost:5173/node_modules/.vite/deps/framer-motion.js?v=47eb1cfe:8015
[ 3990738ms] [WARNING] You're attempting to animate multiple children within AnimatePresence, but its mode is set to "wait". This will lead to odd visual behaviour. @ http://localhost:5173/node_modules/.vite/deps/framer-motion.js?v=47eb1cfe:8015
[ 4393795ms] ReferenceError: cont is not defined
    at HeroSection (http://localhost:5173/src/components/sections/HeroSection.tsx?t=1774387867593:30:3)
    at Object.react_stack_bottom_frame (http://localhost:5173/node_modules/.vite/deps/react-dom_client.js?v=d082a164:18509:20)
    at renderWithHooks (http://localhost:5173/node_modules/.vite/deps/react-dom_client.js?v=d082a164:5654:24)
    at updateFunctionComponent (http://localhost:5173/node_modules/.vite/deps/react-dom_client.js?v=d082a164:7475:21)
    at beginWork (http://localhost:5173/node_modules/.vite/deps/react-dom_client.js?v=d082a164:8525:20)
    at runWithFiberInDEV (http://localhost:5173/node_modules/.vite/deps/react-dom_client.js?v=d082a164:997:72)
    at performUnitOfWork (http://localhost:5173/node_modules/.vite/deps/react-dom_client.js?v=d082a164:12561:98)
    at workLoopSync (http://localhost:5173/node_modules/.vite/deps/react-dom_client.js?v=d082a164:12424:43)
    at renderRootSync (http://localhost:5173/node_modules/.vite/deps/react-dom_client.js?v=d082a164:12408:13)
    at performWorkOnRoot (http://localhost:5173/node_modules/.vite/deps/react-dom_client.js?v=d082a164:11827:37)
[ 4393795ms] [WARNING] %s

%s
 An error occurred in the <HeroSection> component. Consider adding an error boundary to your tree to customize error handling behavior.
Visit https://react.dev/link/error-boundaries to learn more about error boundaries. @ http://localhost:5173/node_modules/.vite/deps/react-dom_client.js?v=d082a164:6965
[ 4396862ms] [ERROR] Failed to load resource: the server responded with a status of 500 (Internal Server Error) @ http://localhost:5173/src/components/sections/HeroSection.tsx?t=1774387870720:0
[ 4396862ms] [ERROR] [vite] Failed to reload /src/components/sections/HeroSection.tsx. This could be due to syntax errors or importing non-existent modules. (see errors above) @ http://localhost:5173/@vite/client:808
[ 4402365ms] [ERROR] Failed to load resource: the server responded with a status of 500 (Internal Server Error) @ http://localhost:5173/src/components/sections/HeroSection.tsx?t=1774387876224:0
[ 4402365ms] [ERROR] [vite] Failed to reload /src/components/sections/HeroSection.tsx. This could be due to syntax errors or importing non-existent modules. (see errors above) @ http://localhost:5173/@vite/client:808
[ 4406429ms] [ERROR] Failed to load resource: the server responded with a status of 500 (Internal Server Error) @ http://localhost:5173/src/components/sections/HeroSection.tsx?t=1774387880291:0
[ 4406429ms] [ERROR] [vite] Failed to reload /src/components/sections/HeroSection.tsx. This could be due to syntax errors or importing non-existent modules. (see errors above) @ http://localhost:5173/@vite/client:808
[ 4407780ms] [ERROR] Failed to load resource: the server responded with a status of 500 (Internal Server Error) @ http://localhost:5173/src/components/sections/HeroSection.tsx?t=1774387881642:0
[ 4407780ms] [ERROR] [vite] Failed to reload /src/components/sections/HeroSection.tsx. This could be due to syntax errors or importing non-existent modules. (see errors above) @ http://localhost:5173/@vite/client:808
[ 4410251ms] [ERROR] Failed to load resource: the server responded with a status of 500 (Internal Server Error) @ http://localhost:5173/src/components/sections/HeroSection.tsx?t=1774387884110:0
[ 4410251ms] [ERROR] [vite] Failed to reload /src/components/sections/HeroSection.tsx. This could be due to syntax errors or importing non-existent modules. (see errors above) @ http://localhost:5173/@vite/client:808
[ 4415647ms] [ERROR] Failed to load resource: the server responded with a status of 500 (Internal Server Error) @ http://localhost:5173/src/components/sections/HeroSection.tsx?t=1774387889506:0
[ 4415648ms] [ERROR] [vite] Failed to reload /src/components/sections/HeroSection.tsx. This could be due to syntax errors or importing non-existent modules. (see errors above) @ http://localhost:5173/@vite/client:808
[ 4418124ms] [ERROR] Failed to load resource: the server responded with a status of 500 (Internal Server Error) @ http://localhost:5173/src/components/sections/HeroSection.tsx?t=1774387891987:0
[ 4418125ms] [ERROR] [vite] Failed to reload /src/components/sections/HeroSection.tsx. This could be due to syntax errors or importing non-existent modules. (see errors above) @ http://localhost:5173/@vite/client:808
[ 4421276ms] [WARNING] You're attempting to animate multiple children within AnimatePresence, but its mode is set to "wait". This will lead to odd visual behaviour. @ http://localhost:5173/node_modules/.vite/deps/framer-motion.js?v=47eb1cfe:8015
[ 4421276ms] [WARNING] You're attempting to animate multiple children within AnimatePresence, but its mode is set to "wait". This will lead to odd visual behaviour. @ http://localhost:5173/node_modules/.vite/deps/framer-motion.js?v=47eb1cfe:8015
[ 4432338ms] [ERROR] Failed to load resource: the server responded with a status of 500 (Internal Server Error) @ http://localhost:5173/src/components/sections/HeroSection.tsx?t=1774387906201:0
[ 4432338ms] [ERROR] [vite] Failed to reload /src/components/sections/HeroSection.tsx. This could be due to syntax errors or importing non-existent modules. (see errors above) @ http://localhost:5173/@vite/client:808
[ 4434477ms] [ERROR] Failed to load resource: the server responded with a status of 500 (Internal Server Error) @ http://localhost:5173/src/components/sections/HeroSection.tsx?t=1774387908340:0
[ 4434477ms] [ERROR] [vite] Failed to reload /src/components/sections/HeroSection.tsx. This could be due to syntax errors or importing non-existent modules. (see errors above) @ http://localhost:5173/@vite/client:808
[ 4564759ms] [WARNING] Please ensure that the container has a non-static position, like 'relative', 'fixed', or 'absolute' to ensure scroll offset is calculated correctly. @ http://localhost:5173/node_modules/.vite/deps/framer-motion.js?v=47eb1cfe:195
[ 4564784ms] [WARNING] You're attempting to animate multiple children within AnimatePresence, but its mode is set to "wait". This will lead to odd visual behaviour. @ http://localhost:5173/node_modules/.vite/deps/framer-motion.js?v=47eb1cfe:8015
[ 4564784ms] [WARNING] You're attempting to animate multiple children within AnimatePresence, but its mode is set to "wait". This will lead to odd visual behaviour. @ http://localhost:5173/node_modules/.vite/deps/framer-motion.js?v=47eb1cfe:8015
[ 4564792ms] [WARNING] You're attempting to animate multiple children within AnimatePresence, but its mode is set to "wait". This will lead to odd visual behaviour. @ http://localhost:5173/node_modules/.vite/deps/framer-motion.js?v=47eb1cfe:8015
[ 4564792ms] [WARNING] You're attempting to animate multiple children within AnimatePresence, but its mode is set to "wait". This will lead to odd visual behaviour. @ http://localhost:5173/node_modules/.vite/deps/framer-motion.js?v=47eb1cfe:8015
[ 4573669ms] [WARNING] Please ensure that the container has a non-static position, like 'relative', 'fixed', or 'absolute' to ensure scroll offset is calculated correctly. @ http://localhost:5173/node_modules/.vite/deps/framer-motion.js?v=47eb1cfe:195
[ 4573694ms] [WARNING] You're attempting to animate multiple children within AnimatePresence, but its mode is set to "wait". This will lead to odd visual behaviour. @ http://localhost:5173/node_modules/.vite/deps/framer-motion.js?v=47eb1cfe:8015
[ 4573695ms] [WARNING] You're attempting to animate multiple children within AnimatePresence, but its mode is set to "wait". This will lead to odd visual behaviour. @ http://localhost:5173/node_modules/.vite/deps/framer-motion.js?v=47eb1cfe:8015
[ 4573702ms] [WARNING] You're attempting to animate multiple children within AnimatePresence, but its mode is set to "wait". This will lead to odd visual behaviour. @ http://localhost:5173/node_modules/.vite/deps/framer-motion.js?v=47eb1cfe:8015
[ 4573702ms] [WARNING] You're attempting to animate multiple children within AnimatePresence, but its mode is set to "wait". This will lead to odd visual behaviour. @ http://localhost:5173/node_modules/.vite/deps/framer-motion.js?v=47eb1cfe:8015
[ 4575178ms] [WARNING] Please ensure that the container has a non-static position, like 'relative', 'fixed', or 'absolute' to ensure scroll offset is calculated correctly. @ http://localhost:5173/node_modules/.vite/deps/framer-motion.js?v=47eb1cfe:195
[ 4575196ms] [WARNING] You're attempting to animate multiple children within AnimatePresence, but its mode is set to "wait". This will lead to odd visual behaviour. @ http://localhost:5173/node_modules/.vite/deps/framer-motion.js?v=47eb1cfe:8015
[ 4575196ms] [WARNING] You're attempting to animate multiple children within AnimatePresence, but its mode is set to "wait". This will lead to odd visual behaviour. @ http://localhost:5173/node_modules/.vite/deps/framer-motion.js?v=47eb1cfe:8015
[ 4575220ms] [WARNING] You're attempting to animate multiple children within AnimatePresence, but its mode is set to "wait". This will lead to odd visual behaviour. @ http://localhost:5173/node_modules/.vite/deps/framer-motion.js?v=47eb1cfe:8015
[ 4575221ms] [WARNING] You're attempting to animate multiple children within AnimatePresence, but its mode is set to "wait". This will lead to odd visual behaviour. @ http://localhost:5173/node_modules/.vite/deps/framer-motion.js?v=47eb1cfe:8015
[ 4703077ms] [WARNING] Please ensure that the container has a non-static position, like 'relative', 'fixed', or 'absolute' to ensure scroll offset is calculated correctly. @ http://localhost:5173/node_modules/.vite/deps/framer-motion.js?v=84dbdf77:195
[ 4703107ms] [WARNING] You're attempting to animate multiple children within AnimatePresence, but its mode is set to "wait". This will lead to odd visual behaviour. @ http://localhost:5173/node_modules/.vite/deps/framer-motion.js?v=84dbdf77:8015
[ 4703107ms] [WARNING] You're attempting to animate multiple children within AnimatePresence, but its mode is set to "wait". This will lead to odd visual behaviour. @ http://localhost:5173/node_modules/.vite/deps/framer-motion.js?v=84dbdf77:8015
[ 4703116ms] [WARNING] You're attempting to animate multiple children within AnimatePresence, but its mode is set to "wait". This will lead to odd visual behaviour. @ http://localhost:5173/node_modules/.vite/deps/framer-motion.js?v=84dbdf77:8015
[ 4703116ms] [WARNING] You're attempting to animate multiple children within AnimatePresence, but its mode is set to "wait". This will lead to odd visual behaviour. @ http://localhost:5173/node_modules/.vite/deps/framer-motion.js?v=84dbdf77:8015
[ 4703127ms] [WARNING] You're attempting to animate multiple children within AnimatePresence, but its mode is set to "wait". This will lead to odd visual behaviour. @ http://localhost:5173/node_modules/.vite/deps/framer-motion.js?v=84dbdf77:8015
[ 4703127ms] [WARNING] You're attempting to animate multiple children within AnimatePresence, but its mode is set to "wait". This will lead to odd visual behaviour. @ http://localhost:5173/node_modules/.vite/deps/framer-motion.js?v=84dbdf77:8015
[ 4703165ms] [WARNING] You're attempting to animate multiple children within AnimatePresence, but its mode is set to "wait". This will lead to odd visual behaviour. @ http://localhost:5173/node_modules/.vite/deps/framer-motion.js?v=84dbdf77:8015
[ 4703166ms] [WARNING] You're attempting to animate multiple children within AnimatePresence, but its mode is set to "wait". This will lead to odd visual behaviour. @ http://localhost:5173/node_modules/.vite/deps/framer-motion.js?v=84dbdf77:8015
[ 4703195ms] [WARNING] You're attempting to animate multiple children within AnimatePresence, but its mode is set to "wait". This will lead to odd visual behaviour. @ http://localhost:5173/node_modules/.vite/deps/framer-motion.js?v=84dbdf77:8015
[ 4703195ms] [WARNING] You're attempting to animate multiple children within AnimatePresence, but its mode is set to "wait". This will lead to odd visual behaviour. @ http://localhost:5173/node_modules/.vite/deps/framer-motion.js?v=84dbdf77:8015
[ 4706460ms] [WARNING] Please ensure that the container has a non-static position, like 'relative', 'fixed', or 'absolute' to ensure scroll offset is calculated correctly. @ http://localhost:5173/node_modules/.vite/deps/framer-motion.js?v=84dbdf77:195
[ 4706482ms] [WARNING] You're attempting to animate multiple children within AnimatePresence, but its mode is set to "wait". This will lead to odd visual behaviour. @ http://localhost:5173/node_modules/.vite/deps/framer-motion.js?v=84dbdf77:8015
[ 4706483ms] [WARNING] You're attempting to animate multiple children within AnimatePresence, but its mode is set to "wait". This will lead to odd visual behaviour. @ http://localhost:5173/node_modules/.vite/deps/framer-motion.js?v=84dbdf77:8015
[ 4706509ms] [WARNING] You're attempting to animate multiple children within AnimatePresence, but its mode is set to "wait". This will lead to odd visual behaviour. @ http://localhost:5173/node_modules/.vite/deps/framer-motion.js?v=84dbdf77:8015
[ 4706509ms] [WARNING] You're attempting to animate multiple children within AnimatePresence, but its mode is set to "wait". This will lead to odd visual behaviour. @ http://localhost:5173/node_modules/.vite/deps/framer-motion.js?v=84dbdf77:8015
[ 4725097ms] [WARNING] Please ensure that the container has a non-static position, like 'relative', 'fixed', or 'absolute' to ensure scroll offset is calculated correctly. @ http://localhost:5173/node_modules/.vite/deps/framer-motion.js?v=84dbdf77:195
[ 4725131ms] [WARNING] You're attempting to animate multiple children within AnimatePresence, but its mode is set to "wait". This will lead to odd visual behaviour. @ http://localhost:5173/node_modules/.vite/deps/framer-motion.js?v=84dbdf77:8015
[ 4725131ms] [WARNING] You're attempting to animate multiple children within AnimatePresence, but its mode is set to "wait". This will lead to odd visual behaviour. @ http://localhost:5173/node_modules/.vite/deps/framer-motion.js?v=84dbdf77:8015
[ 4725187ms] [WARNING] You're attempting to animate multiple children within AnimatePresence, but its mode is set to "wait". This will lead to odd visual behaviour. @ http://localhost:5173/node_modules/.vite/deps/framer-motion.js?v=84dbdf77:8015
[ 4725187ms] [WARNING] You're attempting to animate multiple children within AnimatePresence, but its mode is set to "wait". This will lead to odd visual behaviour. @ http://localhost:5173/node_modules/.vite/deps/framer-motion.js?v=84dbdf77:8015
[ 4752509ms] [ERROR] Failed to load resource: the server responded with a status of 500 (Internal Server Error) @ http://localhost:5173/src/components/sections/HeroSection.tsx?t=1774388226354:0
[ 4752509ms] [ERROR] [vite] Failed to reload /src/components/sections/HeroSection.tsx. This could be due to syntax errors or importing non-existent modules. (see errors above) @ http://localhost:5173/@vite/client:808
[ 4755357ms] [ERROR] Failed to load resource: the server responded with a status of 500 (Internal Server Error) @ http://localhost:5173/src/components/sections/HeroSection.tsx?t=1774388229219:0
[ 4755357ms] [ERROR] [vite] Failed to reload /src/components/sections/HeroSection.tsx. This could be due to syntax errors or importing non-existent modules. (see errors above) @ http://localhost:5173/@vite/client:808
[ 4788339ms] [WARNING] Please ensure that the container has a non-static position, like 'relative', 'fixed', or 'absolute' to ensure scroll offset is calculated correctly. @ http://localhost:5173/node_modules/.vite/deps/framer-motion.js?v=84dbdf77:195
[ 4788370ms] [WARNING] You're attempting to animate multiple children within AnimatePresence, but its mode is set to "wait". This will lead to odd visual behaviour. @ http://localhost:5173/node_modules/.vite/deps/framer-motion.js?v=84dbdf77:8015
[ 4788370ms] [WARNING] You're attempting to animate multiple children within AnimatePresence, but its mode is set to "wait". This will lead to odd visual behaviour. @ http://localhost:5173/node_modules/.vite/deps/framer-motion.js?v=84dbdf77:8015
[ 4788390ms] [WARNING] You're attempting to animate multiple children within AnimatePresence, but its mode is set to "wait". This will lead to odd visual behaviour. @ http://localhost:5173/node_modules/.vite/deps/framer-motion.js?v=84dbdf77:8015
[ 4788390ms] [WARNING] You're attempting to animate multiple children within AnimatePresence, but its mode is set to "wait". This will lead to odd visual behaviour. @ http://localhost:5173/node_modules/.vite/deps/framer-motion.js?v=84dbdf77:8015
[ 4880969ms] [WARNING] Please ensure that the container has a non-static position, like 'relative', 'fixed', or 'absolute' to ensure scroll offset is calculated correctly. @ http://localhost:5173/node_modules/.vite/deps/framer-motion.js?v=84dbdf77:195
[ 4881004ms] [WARNING] You're attempting to animate multiple children within AnimatePresence, but its mode is set to "wait". This will lead to odd visual behaviour. @ http://localhost:5173/node_modules/.vite/deps/framer-motion.js?v=84dbdf77:8015
[ 4881004ms] [WARNING] You're attempting to animate multiple children within AnimatePresence, but its mode is set to "wait". This will lead to odd visual behaviour. @ http://localhost:5173/node_modules/.vite/deps/framer-motion.js?v=84dbdf77:8015
[ 4881060ms] [WARNING] You're attempting to animate multiple children within AnimatePresence, but its mode is set to "wait". This will lead to odd visual behaviour. @ http://localhost:5173/node_modules/.vite/deps/framer-motion.js?v=84dbdf77:8015
[ 4881061ms] [WARNING] You're attempting to animate multiple children within AnimatePresence, but its mode is set to "wait". This will lead to odd visual behaviour. @ http://localhost:5173/node_modules/.vite/deps/framer-motion.js?v=84dbdf77:8015
